interactions:
- request:
    body: '{"location": "westcentralus", "tags": {"Tag1": "Value1"}}'
    headers:
      Accept:
      - application/json
      Accept-Encoding:
      - gzip, deflate
      CommandName:
      - netappfiles account create
      Connection:
      - keep-alive
      Content-Length:
      - '57'
      Content-Type:
      - application/json; charset=utf-8
      ParameterSetName:
      - -g -a -l --tags
      User-Agent:
      - python/3.6.4 (Darwin-18.7.0-x86_64-i386-64bit) msrest/0.6.10 msrest_azure/0.6.2
        azure-mgmt-netapp/0.6.0 Azure-SDK-For-Python AZURECLI/2.0.74
      accept-language:
      - en-US
    method: PUT
    uri: https://management.azure.com/subscriptions/00000000-0000-0000-0000-000000000000/resourceGroups/cli_tests_rg_000001/providers/Microsoft.NetApp/netAppAccounts/cli000002?api-version=2019-07-01
  response:
    body:
      string: '{"id":"/subscriptions/00000000-0000-0000-0000-000000000000/resourceGroups/cli_tests_rg_000001/providers/Microsoft.NetApp/netAppAccounts/cli000002","name":"cli000002","type":"Microsoft.NetApp/netAppAccounts","etag":"W/\"datetime''2019-10-09T09%3A37%3A16.2405678Z''\"","location":"westcentralus","tags":{"Tag1":"Value1"},"properties":{"name":"cli000002","provisioningState":"Succeeded"}}'
    headers:
      access-control-expose-headers:
      - Request-Context
      azure-asyncoperation:
      - https://management.azure.com/subscriptions/00000000-0000-0000-0000-000000000000/providers/Microsoft.NetApp/locations/westcentralus/operationResults/2006afd8-b38e-4e6a-86a2-5ed72d77e53e?api-version=2019-07-01
      cache-control:
      - no-cache
      content-length:
      - '484'
      content-type:
      - application/json; charset=utf-8
      date:
      - Wed, 09 Oct 2019 09:37:15 GMT
      etag:
      - W/"datetime'2019-10-09T09%3A37%3A16.2405678Z'"
      expires:
      - '-1'
      pragma:
      - no-cache
      request-context:
      - appId=cid-v1:2c4cb680-0a1f-424d-bb8d-8e650ba68d53
      server:
      - Microsoft-IIS/10.0
      strict-transport-security:
      - max-age=31536000; includeSubDomains
      x-content-type-options:
      - nosniff
      x-ms-ratelimit-remaining-subscription-writes:
      - '1199'
      x-powered-by:
      - ASP.NET
    status:
      code: 201
      message: Created
- request:
    body: null
    headers:
      Accept:
      - application/json
      Accept-Encoding:
      - gzip, deflate
      CommandName:
      - netappfiles account create
      Connection:
      - keep-alive
      ParameterSetName:
      - -g -a -l --tags
      User-Agent:
      - python/3.6.4 (Darwin-18.7.0-x86_64-i386-64bit) msrest/0.6.10 msrest_azure/0.6.2
        azure-mgmt-netapp/0.6.0 Azure-SDK-For-Python AZURECLI/2.0.74
    method: GET
    uri: https://management.azure.com/subscriptions/00000000-0000-0000-0000-000000000000/providers/Microsoft.NetApp/locations/westcentralus/operationResults/2006afd8-b38e-4e6a-86a2-5ed72d77e53e?api-version=2019-07-01
  response:
    body:
      string: '{"id":"/subscriptions/00000000-0000-0000-0000-000000000000/providers/Microsoft.NetApp/locations/westcentralus/operationResults/2006afd8-b38e-4e6a-86a2-5ed72d77e53e","name":"2006afd8-b38e-4e6a-86a2-5ed72d77e53e","status":"Succeeded","startTime":"2019-10-09T09:37:16.2042638Z","endTime":"2019-10-09T09:37:16.2979642Z","percentComplete":100.0,"properties":{"resourceName":"/subscriptions/00000000-0000-0000-0000-000000000000/resourceGroups/cli_tests_rg_000001/providers/Microsoft.NetApp/netAppAccounts/cli000002"}}'
    headers:
      access-control-expose-headers:
      - Request-Context
      cache-control:
      - no-cache
      content-length:
      - '582'
      content-type:
      - application/json; charset=utf-8
      date:
      - Wed, 09 Oct 2019 09:37:47 GMT
      expires:
      - '-1'
      pragma:
      - no-cache
      request-context:
      - appId=cid-v1:2c4cb680-0a1f-424d-bb8d-8e650ba68d53
      server:
      - Microsoft-IIS/10.0
      strict-transport-security:
      - max-age=31536000; includeSubDomains
      transfer-encoding:
      - chunked
      vary:
      - Accept-Encoding
      x-content-type-options:
      - nosniff
      x-powered-by:
      - ASP.NET
    status:
      code: 200
      message: OK
- request:
    body: null
    headers:
      Accept:
      - application/json
      Accept-Encoding:
      - gzip, deflate
      CommandName:
      - netappfiles account create
      Connection:
      - keep-alive
      ParameterSetName:
      - -g -a -l --tags
      User-Agent:
      - python/3.6.4 (Darwin-18.7.0-x86_64-i386-64bit) msrest/0.6.10 msrest_azure/0.6.2
        azure-mgmt-netapp/0.6.0 Azure-SDK-For-Python AZURECLI/2.0.74
    method: GET
    uri: https://management.azure.com/subscriptions/00000000-0000-0000-0000-000000000000/resourceGroups/cli_tests_rg_000001/providers/Microsoft.NetApp/netAppAccounts/cli000002?api-version=2019-07-01
  response:
    body:
      string: '{"id":"/subscriptions/00000000-0000-0000-0000-000000000000/resourceGroups/cli_tests_rg_000001/providers/Microsoft.NetApp/netAppAccounts/cli000002","name":"cli000002","type":"Microsoft.NetApp/netAppAccounts","etag":"W/\"datetime''2019-10-09T09%3A37%3A16.2956066Z''\"","location":"westcentralus","tags":{"Tag1":"Value1"},"properties":{"name":"cli000002","provisioningState":"Succeeded"}}'
    headers:
      access-control-expose-headers:
      - Request-Context
      cache-control:
      - no-cache
      content-length:
      - '484'
      content-type:
      - application/json; charset=utf-8
      date:
      - Wed, 09 Oct 2019 09:37:47 GMT
      etag:
      - W/"datetime'2019-10-09T09%3A37%3A16.2956066Z'"
      expires:
      - '-1'
      pragma:
      - no-cache
      request-context:
      - appId=cid-v1:2c4cb680-0a1f-424d-bb8d-8e650ba68d53
      server:
      - Microsoft-IIS/10.0
      strict-transport-security:
      - max-age=31536000; includeSubDomains
      transfer-encoding:
      - chunked
      vary:
      - Accept-Encoding
      x-content-type-options:
      - nosniff
      x-powered-by:
      - ASP.NET
    status:
      code: 200
      message: OK
- request:
    body: null
    headers:
      Accept:
      - application/json
      Accept-Encoding:
      - gzip, deflate
      CommandName:
      - netappfiles account ad add
      Connection:
      - keep-alive
      ParameterSetName:
      - -g -n --username --password --smb-server-name --dns --domain
      User-Agent:
      - python/3.6.4 (Darwin-18.7.0-x86_64-i386-64bit) msrest/0.6.10 msrest_azure/0.6.2
        azure-mgmt-netapp/0.6.0 Azure-SDK-For-Python AZURECLI/2.0.74
      accept-language:
      - en-US
    method: GET
    uri: https://management.azure.com/subscriptions/00000000-0000-0000-0000-000000000000/resourceGroups/cli_tests_rg_000001/providers/Microsoft.NetApp/netAppAccounts/cli000002?api-version=2019-07-01
  response:
    body:
      string: '{"id":"/subscriptions/00000000-0000-0000-0000-000000000000/resourceGroups/cli_tests_rg_000001/providers/Microsoft.NetApp/netAppAccounts/cli000002","name":"cli000002","type":"Microsoft.NetApp/netAppAccounts","etag":"W/\"datetime''2019-10-09T09%3A37%3A16.2956066Z''\"","location":"westcentralus","tags":{"Tag1":"Value1"},"properties":{"name":"cli000002","provisioningState":"Succeeded"}}'
    headers:
      access-control-expose-headers:
      - Request-Context
      cache-control:
      - no-cache
      content-length:
      - '484'
      content-type:
      - application/json; charset=utf-8
      date:
      - Wed, 09 Oct 2019 09:37:49 GMT
      etag:
      - W/"datetime'2019-10-09T09%3A37%3A16.2956066Z'"
      expires:
      - '-1'
      pragma:
      - no-cache
      request-context:
      - appId=cid-v1:2c4cb680-0a1f-424d-bb8d-8e650ba68d53
      server:
      - Microsoft-IIS/10.0
      strict-transport-security:
      - max-age=31536000; includeSubDomains
      transfer-encoding:
      - chunked
      vary:
      - Accept-Encoding
      x-content-type-options:
      - nosniff
      x-powered-by:
      - ASP.NET
    status:
      code: 200
      message: OK
- request:
    body: '{"properties": {"activeDirectories": [{"username": "aduser", "password":
      "aduser", "domain": "westcentralus", "dns": "1.2.3.4", "smbServerName": "SMBSERVER"}]}}'
    headers:
      Accept:
      - application/json
      Accept-Encoding:
      - gzip, deflate
      CommandName:
      - netappfiles account ad add
      Connection:
      - keep-alive
      Content-Length:
      - '160'
      Content-Type:
      - application/json; charset=utf-8
      ParameterSetName:
      - -g -n --username --password --smb-server-name --dns --domain
      User-Agent:
      - python/3.6.4 (Darwin-18.7.0-x86_64-i386-64bit) msrest/0.6.10 msrest_azure/0.6.2
        azure-mgmt-netapp/0.6.0 Azure-SDK-For-Python AZURECLI/2.0.74
      accept-language:
      - en-US
    method: PATCH
    uri: https://management.azure.com/subscriptions/00000000-0000-0000-0000-000000000000/resourceGroups/cli_tests_rg_000001/providers/Microsoft.NetApp/netAppAccounts/cli000002?api-version=2019-07-01
  response:
    body:
      string: '{"id":"/subscriptions/00000000-0000-0000-0000-000000000000/resourceGroups/cli_tests_rg_000001/providers/Microsoft.NetApp/netAppAccounts/cli000002","name":"cli000002","type":"Microsoft.NetApp/netAppAccounts","etag":"W/\"datetime''2019-10-09T09%3A37%3A51.5044243Z''\"","location":"westcentralus","tags":{"Tag1":"Value1"},"properties":{"name":"cli000002","provisioningState":"Succeeded","activeDirectories":[{"activeDirectoryId":"40c2dd13-b25f-3f12-7566-8612a28f9741","username":"aduser","password":"****************","domain":"westcentralus","dns":"1.2.3.4","status":"Created","smbServerName":"SMBSERVER","organizationalUnit":"CN=Computers"}]}}'
    headers:
      access-control-expose-headers:
      - Request-Context
      cache-control:
      - no-cache
      content-length:
      - '741'
      content-type:
      - application/json; charset=utf-8
      date:
      - Wed, 09 Oct 2019 09:37:51 GMT
      etag:
      - W/"datetime'2019-10-09T09%3A37%3A51.5044243Z'"
      expires:
      - '-1'
      pragma:
      - no-cache
      request-context:
      - appId=cid-v1:2c4cb680-0a1f-424d-bb8d-8e650ba68d53
      server:
      - Microsoft-IIS/10.0
      strict-transport-security:
      - max-age=31536000; includeSubDomains
      transfer-encoding:
      - chunked
      vary:
      - Accept-Encoding
      x-content-type-options:
      - nosniff
      x-ms-ratelimit-remaining-subscription-writes:
      - '1199'
      x-powered-by:
      - ASP.NET
    status:
      code: 200
      message: OK
- request:
    body: null
    headers:
      Accept:
      - application/json
      Accept-Encoding:
      - gzip, deflate
      CommandName:
      - netappfiles account ad list
      Connection:
      - keep-alive
      ParameterSetName:
      - -g -n
      User-Agent:
      - python/3.6.4 (Darwin-18.7.0-x86_64-i386-64bit) msrest/0.6.10 msrest_azure/0.6.2
        azure-mgmt-netapp/0.6.0 Azure-SDK-For-Python AZURECLI/2.0.74
      accept-language:
      - en-US
    method: GET
    uri: https://management.azure.com/subscriptions/00000000-0000-0000-0000-000000000000/resourceGroups/cli_tests_rg_000001/providers/Microsoft.NetApp/netAppAccounts/cli000002?api-version=2019-07-01
  response:
    body:
      string: '{"id":"/subscriptions/00000000-0000-0000-0000-000000000000/resourceGroups/cli_tests_rg_000001/providers/Microsoft.NetApp/netAppAccounts/cli000002","name":"cli000002","type":"Microsoft.NetApp/netAppAccounts","etag":"W/\"datetime''2019-10-09T09%3A37%3A51.7876243Z''\"","location":"westcentralus","tags":{"Tag1":"Value1"},"properties":{"name":"cli000002","provisioningState":"Succeeded","activeDirectories":[{"activeDirectoryId":"40c2dd13-b25f-3f12-7566-8612a28f9741","username":"aduser","password":"****************","domain":"westcentralus","dns":"1.2.3.4","status":"Created","smbServerName":"SMBSERVER","organizationalUnit":"CN=Computers"}]}}'
    headers:
      access-control-expose-headers:
      - Request-Context
      cache-control:
      - no-cache
      content-length:
      - '741'
      content-type:
      - application/json; charset=utf-8
      date:
      - Wed, 09 Oct 2019 09:37:53 GMT
      etag:
      - W/"datetime'2019-10-09T09%3A37%3A51.7876243Z'"
      expires:
      - '-1'
      pragma:
      - no-cache
      request-context:
      - appId=cid-v1:2c4cb680-0a1f-424d-bb8d-8e650ba68d53
      server:
      - Microsoft-IIS/10.0
      strict-transport-security:
      - max-age=31536000; includeSubDomains
      transfer-encoding:
      - chunked
      vary:
      - Accept-Encoding
      x-content-type-options:
      - nosniff
      x-powered-by:
      - ASP.NET
    status:
      code: 200
      message: OK
- request:
    body: null
    headers:
      Accept:
      - application/json
      Accept-Encoding:
      - gzip, deflate
      CommandName:
      - netappfiles account ad remove
      Connection:
      - keep-alive
      ParameterSetName:
      - -g -n --active-directory
      User-Agent:
      - python/3.6.4 (Darwin-18.7.0-x86_64-i386-64bit) msrest/0.6.10 msrest_azure/0.6.2
        azure-mgmt-netapp/0.6.0 Azure-SDK-For-Python AZURECLI/2.0.74
      accept-language:
      - en-US
    method: GET
    uri: https://management.azure.com/subscriptions/00000000-0000-0000-0000-000000000000/resourceGroups/cli_tests_rg_000001/providers/Microsoft.NetApp/netAppAccounts/cli000002?api-version=2019-07-01
  response:
    body:
      string: '{"id":"/subscriptions/00000000-0000-0000-0000-000000000000/resourceGroups/cli_tests_rg_000001/providers/Microsoft.NetApp/netAppAccounts/cli000002","name":"cli000002","type":"Microsoft.NetApp/netAppAccounts","etag":"W/\"datetime''2019-10-09T09%3A37%3A51.7876243Z''\"","location":"westcentralus","tags":{"Tag1":"Value1"},"properties":{"name":"cli000002","provisioningState":"Succeeded","activeDirectories":[{"activeDirectoryId":"40c2dd13-b25f-3f12-7566-8612a28f9741","username":"aduser","password":"****************","domain":"westcentralus","dns":"1.2.3.4","status":"Created","smbServerName":"SMBSERVER","organizationalUnit":"CN=Computers"}]}}'
    headers:
      access-control-expose-headers:
      - Request-Context
      cache-control:
      - no-cache
      content-length:
      - '741'
      content-type:
      - application/json; charset=utf-8
      date:
      - Wed, 09 Oct 2019 09:37:53 GMT
      etag:
      - W/"datetime'2019-10-09T09%3A37%3A51.7876243Z'"
      expires:
      - '-1'
      pragma:
      - no-cache
      request-context:
      - appId=cid-v1:2c4cb680-0a1f-424d-bb8d-8e650ba68d53
      server:
      - Microsoft-IIS/10.0
      strict-transport-security:
      - max-age=31536000; includeSubDomains
      transfer-encoding:
      - chunked
      vary:
      - Accept-Encoding
      x-content-type-options:
      - nosniff
      x-powered-by:
      - ASP.NET
    status:
      code: 200
      message: OK
- request:
    body: '{"location": "westcentralus", "tags": {"Tag1": "Value1"}, "properties":
      {"activeDirectories": []}}'
    headers:
      Accept:
      - application/json
      Accept-Encoding:
      - gzip, deflate
      CommandName:
      - netappfiles account ad remove
      Connection:
      - keep-alive
      Content-Length:
      - '98'
      Content-Type:
      - application/json; charset=utf-8
      ParameterSetName:
      - -g -n --active-directory
      User-Agent:
      - python/3.6.4 (Darwin-18.7.0-x86_64-i386-64bit) msrest/0.6.10 msrest_azure/0.6.2
        azure-mgmt-netapp/0.6.0 Azure-SDK-For-Python AZURECLI/2.0.74
      accept-language:
      - en-US
    method: PUT
    uri: https://management.azure.com/subscriptions/00000000-0000-0000-0000-000000000000/resourceGroups/cli_tests_rg_000001/providers/Microsoft.NetApp/netAppAccounts/cli000002?api-version=2019-07-01
  response:
    body:
      string: '{"id":"/subscriptions/00000000-0000-0000-0000-000000000000/resourceGroups/cli_tests_rg_000001/providers/Microsoft.NetApp/netAppAccounts/cli000002","name":"cli000002","type":"Microsoft.NetApp/netAppAccounts","etag":"W/\"datetime''2019-10-09T09%3A37%3A55.4542102Z''\"","location":"westcentralus","tags":{"Tag1":"Value1"},"properties":{"name":"cli000002","provisioningState":"Updating","activeDirectories":[{"activeDirectoryId":"40c2dd13-b25f-3f12-7566-8612a28f9741","username":"aduser","password":"****************","domain":"westcentralus","dns":"1.2.3.4","status":"Created","smbServerName":"SMBSERVER","organizationalUnit":"CN=Computers"}]}}'
    headers:
      access-control-expose-headers:
      - Request-Context
      azure-asyncoperation:
      - https://management.azure.com/subscriptions/00000000-0000-0000-0000-000000000000/providers/Microsoft.NetApp/locations/westcentralus/operationResults/d2a465a9-09f1-4ddc-af3d-7df3ba71c931?api-version=2019-07-01
      cache-control:
      - no-cache
      content-length:
      - '740'
      content-type:
      - application/json; charset=utf-8
      date:
      - Wed, 09 Oct 2019 09:37:54 GMT
      etag:
      - W/"datetime'2019-10-09T09%3A37%3A55.4542102Z'"
      expires:
      - '-1'
      pragma:
      - no-cache
      request-context:
      - appId=cid-v1:2c4cb680-0a1f-424d-bb8d-8e650ba68d53
      server:
      - Microsoft-IIS/10.0
      strict-transport-security:
      - max-age=31536000; includeSubDomains
      transfer-encoding:
      - chunked
      vary:
      - Accept-Encoding
      x-content-type-options:
      - nosniff
      x-ms-ratelimit-remaining-subscription-writes:
      - '1199'
      x-powered-by:
      - ASP.NET
    status:
      code: 200
      message: OK
- request:
    body: null
    headers:
      Accept:
      - application/json
      Accept-Encoding:
      - gzip, deflate
      CommandName:
      - netappfiles account ad remove
      Connection:
      - keep-alive
      ParameterSetName:
      - -g -n --active-directory
      User-Agent:
      - python/3.6.4 (Darwin-18.7.0-x86_64-i386-64bit) msrest/0.6.10 msrest_azure/0.6.2
        azure-mgmt-netapp/0.6.0 Azure-SDK-For-Python AZURECLI/2.0.74
    method: GET
    uri: https://management.azure.com/subscriptions/00000000-0000-0000-0000-000000000000/providers/Microsoft.NetApp/locations/westcentralus/operationResults/d2a465a9-09f1-4ddc-af3d-7df3ba71c931?api-version=2019-07-01
  response:
    body:
      string: '{"id":"/subscriptions/00000000-0000-0000-0000-000000000000/providers/Microsoft.NetApp/locations/westcentralus/operationResults/d2a465a9-09f1-4ddc-af3d-7df3ba71c931","name":"d2a465a9-09f1-4ddc-af3d-7df3ba71c931","status":"Succeeded","startTime":"2019-10-09T09:37:55.4004698Z","endTime":"2019-10-09T09:37:55.7598505Z","percentComplete":100.0,"properties":{"resourceName":"/subscriptions/00000000-0000-0000-0000-000000000000/resourceGroups/cli_tests_rg_000001/providers/Microsoft.NetApp/netAppAccounts/cli000002"}}'
    headers:
      access-control-expose-headers:
      - Request-Context
      cache-control:
      - no-cache
      content-length:
      - '582'
      content-type:
      - application/json; charset=utf-8
      date:
      - Wed, 09 Oct 2019 09:38:25 GMT
      expires:
      - '-1'
      pragma:
      - no-cache
      request-context:
      - appId=cid-v1:2c4cb680-0a1f-424d-bb8d-8e650ba68d53
      server:
      - Microsoft-IIS/10.0
      strict-transport-security:
      - max-age=31536000; includeSubDomains
      transfer-encoding:
      - chunked
      vary:
      - Accept-Encoding
      x-content-type-options:
      - nosniff
      x-powered-by:
      - ASP.NET
    status:
      code: 200
      message: OK
- request:
    body: null
    headers:
      Accept:
      - application/json
      Accept-Encoding:
      - gzip, deflate
      CommandName:
      - netappfiles account ad remove
      Connection:
      - keep-alive
      ParameterSetName:
      - -g -n --active-directory
      User-Agent:
      - python/3.6.4 (Darwin-18.7.0-x86_64-i386-64bit) msrest/0.6.10 msrest_azure/0.6.2
        azure-mgmt-netapp/0.6.0 Azure-SDK-For-Python AZURECLI/2.0.74
    method: GET
    uri: https://management.azure.com/subscriptions/00000000-0000-0000-0000-000000000000/resourceGroups/cli_tests_rg_000001/providers/Microsoft.NetApp/netAppAccounts/cli000002?api-version=2019-07-01
  response:
    body:
      string: '{"id":"/subscriptions/00000000-0000-0000-0000-000000000000/resourceGroups/cli_tests_rg_000001/providers/Microsoft.NetApp/netAppAccounts/cli000002","name":"cli000002","type":"Microsoft.NetApp/netAppAccounts","etag":"W/\"datetime''2019-10-09T09%3A37%3A55.7684336Z''\"","location":"westcentralus","tags":{"Tag1":"Value1"},"properties":{"name":"cli000002","provisioningState":"Succeeded"}}'
    headers:
      access-control-expose-headers:
      - Request-Context
      cache-control:
      - no-cache
      content-length:
      - '484'
      content-type:
      - application/json; charset=utf-8
      date:
      - Wed, 09 Oct 2019 09:38:26 GMT
      etag:
      - W/"datetime'2019-10-09T09%3A37%3A55.7684336Z'"
      expires:
      - '-1'
      pragma:
      - no-cache
      request-context:
      - appId=cid-v1:2c4cb680-0a1f-424d-bb8d-8e650ba68d53
      server:
      - Microsoft-IIS/10.0
      strict-transport-security:
      - max-age=31536000; includeSubDomains
      transfer-encoding:
      - chunked
      vary:
      - Accept-Encoding
      x-content-type-options:
      - nosniff
      x-powered-by:
      - ASP.NET
    status:
      code: 200
      message: OK
version: 1
